// Jest Snapshot v1, https://goo.gl/fbAQLP

exports[`Utils writes data, 0: file 0 1`] = `"/usr/projects/stuff/test.json"`;

exports[`Utils writes data, 1: file 1 1`] = `"/usr/projects/stuff/tmp/test.json"`;

exports[`Utils writes data, 2: file 2 1`] = `"/usr/projects/stuff/tmp/dir/test.json"`;

exports[`Utils writes data, 3: file 3 1`] = `"/usr/projects/stuff/tmp/dir/test.json"`;

exports[`Utils writes data, 4: file 4 1`] = `"/usr/projects/dir/test.json"`;
